// Jest Snapshot v1, https://goo.gl/fbAQLP

exports[`renders correctly 1`] = `
<Component>
  <Todo
    navigation={
      Object {
        "state": Object {
          "params": Object {
            "url": "/1/test/",
          },
        },
      }
    }
  />
</Component>
`;
